I'm sorry, but errors were detected in your script. Please correct the
errors listed below, and try again.


File "game/script.rpy", line 613: 'scene' is not a keyword argument or valid child of the screen statement.
    scene bg castle
         ^

Ren'Py Version: Ren'Py 8.5.2.26010301
Tue Mar 31 12:18:38 2026
